2023-12-19 22:12:328 INFO  StartPage :24 - Click on start now: [[ChromeDriver: chrome on windows (baa72396487d2f3149c8012585567eee)] -> xpath: //a[normalize-space()='Start now']]
2023-12-19 22:12:507 INFO  StartPage :24 - Click on start now: [[ChromeDriver: chrome on windows (870a2a9d279ab05dd023f71b598182da)] -> xpath: //a[normalize-space()='Start now']]
2023-12-19 22:12:953 INFO  SelectNationalityPage :28 - Select country: [[ChromeDriver: chrome on windows (870a2a9d279ab05dd023f71b598182da)] -> id: response]
2023-12-19 22:12:243 INFO  SelectNationalityPage :34 - Click on continue: [[ChromeDriver: chrome on windows (870a2a9d279ab05dd023f71b598182da)] -> xpath: //button[normalize-space()='Continue']]
2023-12-19 22:12:617 INFO  ReasonForTravelPage :29 - Select a reason for visit: [[[ChromeDriver: chrome on windows (870a2a9d279ab05dd023f71b598182da)] -> xpath: //div[@class='govuk-radios']//div//label], [[ChromeDriver: chrome on windows (870a2a9d279ab05dd023f71b598182da)] -> xpath: //div[@class='govuk-radios']//div//label], [[ChromeDriver: chrome on windows (870a2a9d279ab05dd023f71b598182da)] -> xpath: //div[@class='govuk-radios']//div//label], [[ChromeDriver: chrome on windows (870a2a9d279ab05dd023f71b598182da)] -> xpath: //div[@class='govuk-radios']//div//label], [[ChromeDriver: chrome on windows (870a2a9d279ab05dd023f71b598182da)] -> xpath: //div[@class='govuk-radios']//div//label], [[ChromeDriver: chrome on windows (870a2a9d279ab05dd023f71b598182da)] -> xpath: //div[@class='govuk-radios']//div//label], [[ChromeDriver: chrome on windows (870a2a9d279ab05dd023f71b598182da)] -> xpath: //div[@class='govuk-radios']//div//label], [[ChromeDriver: chrome on windows (870a2a9d279ab05dd023f71b598182da)] -> xpath: //div[@class='govuk-radios']//div//label], [[ChromeDriver: chrome on windows (870a2a9d279ab05dd023f71b598182da)] -> xpath: //div[@class='govuk-radios']//div//label]]
2023-12-19 22:12:791 INFO  SelectNationalityPage :34 - Click on continue: [[ChromeDriver: chrome on windows (870a2a9d279ab05dd023f71b598182da)] -> xpath: //button[normalize-space()='Continue']]
2023-12-19 22:12:199 INFO  ResultPage :29 - Verify result text displayed: [[ChromeDriver: chrome on windows (870a2a9d279ab05dd023f71b598182da)] -> xpath: //h2[@class='gem-c-heading gem-c-heading--font-size-27   govuk-!-margin-bottom-6']]
2023-12-19 22:12:202 INFO  ResultPage :24 - Get result text displayed: [[ChromeDriver: chrome on windows (870a2a9d279ab05dd023f71b598182da)] -> xpath: //h2[@class='gem-c-heading gem-c-heading--font-size-27   govuk-!-margin-bottom-6']]
2023-12-19 22:12:315 INFO  StartPage :24 - Click on start now: [[ChromeDriver: chrome on windows (4e66d9e19de5cdde2e65c9fc98eb0a2b)] -> xpath: //a[normalize-space()='Start now']]
2023-12-19 22:12:814 INFO  SelectNationalityPage :28 - Select country: [[ChromeDriver: chrome on windows (4e66d9e19de5cdde2e65c9fc98eb0a2b)] -> id: response]
2023-12-19 22:12:69 INFO  SelectNationalityPage :34 - Click on continue: [[ChromeDriver: chrome on windows (4e66d9e19de5cdde2e65c9fc98eb0a2b)] -> xpath: //button[normalize-space()='Continue']]
2023-12-19 22:12:395 INFO  ReasonForTravelPage :29 - Select a reason for visit: [[[ChromeDriver: chrome on windows (4e66d9e19de5cdde2e65c9fc98eb0a2b)] -> xpath: //div[@class='govuk-radios']//div//label], [[ChromeDriver: chrome on windows (4e66d9e19de5cdde2e65c9fc98eb0a2b)] -> xpath: //div[@class='govuk-radios']//div//label], [[ChromeDriver: chrome on windows (4e66d9e19de5cdde2e65c9fc98eb0a2b)] -> xpath: //div[@class='govuk-radios']//div//label], [[ChromeDriver: chrome on windows (4e66d9e19de5cdde2e65c9fc98eb0a2b)] -> xpath: //div[@class='govuk-radios']//div//label], [[ChromeDriver: chrome on windows (4e66d9e19de5cdde2e65c9fc98eb0a2b)] -> xpath: //div[@class='govuk-radios']//div//label], [[ChromeDriver: chrome on windows (4e66d9e19de5cdde2e65c9fc98eb0a2b)] -> xpath: //div[@class='govuk-radios']//div//label], [[ChromeDriver: chrome on windows (4e66d9e19de5cdde2e65c9fc98eb0a2b)] -> xpath: //div[@class='govuk-radios']//div//label], [[ChromeDriver: chrome on windows (4e66d9e19de5cdde2e65c9fc98eb0a2b)] -> xpath: //div[@class='govuk-radios']//div//label], [[ChromeDriver: chrome on windows (4e66d9e19de5cdde2e65c9fc98eb0a2b)] -> xpath: //div[@class='govuk-radios']//div//label]]
2023-12-19 22:12:567 INFO  SelectNationalityPage :34 - Click on continue: [[ChromeDriver: chrome on windows (4e66d9e19de5cdde2e65c9fc98eb0a2b)] -> xpath: //button[normalize-space()='Continue']]
2023-12-19 22:12:931 INFO  DurationOfStayPage :27 - Select Stay Time Length: [[[ChromeDriver: chrome on windows (4e66d9e19de5cdde2e65c9fc98eb0a2b)] -> xpath: //div[@class='govuk-radios']//label], [[ChromeDriver: chrome on windows (4e66d9e19de5cdde2e65c9fc98eb0a2b)] -> xpath: //div[@class='govuk-radios']//label]]
2023-12-19 22:12:41 INFO  SelectNationalityPage :34 - Click on continue: [[ChromeDriver: chrome on windows (4e66d9e19de5cdde2e65c9fc98eb0a2b)] -> xpath: //button[normalize-space()='Continue']]
2023-12-19 22:12:372 INFO  WorkTypePage :30 - Select job type: [[[ChromeDriver: chrome on windows (4e66d9e19de5cdde2e65c9fc98eb0a2b)] -> xpath: //div[@class='govuk-radios']//div//label], [[ChromeDriver: chrome on windows (4e66d9e19de5cdde2e65c9fc98eb0a2b)] -> xpath: //div[@class='govuk-radios']//div//label], [[ChromeDriver: chrome on windows (4e66d9e19de5cdde2e65c9fc98eb0a2b)] -> xpath: //div[@class='govuk-radios']//div//label], [[ChromeDriver: chrome on windows (4e66d9e19de5cdde2e65c9fc98eb0a2b)] -> xpath: //div[@class='govuk-radios']//div//label], [[ChromeDriver: chrome on windows (4e66d9e19de5cdde2e65c9fc98eb0a2b)] -> xpath: //div[@class='govuk-radios']//div//label], [[ChromeDriver: chrome on windows (4e66d9e19de5cdde2e65c9fc98eb0a2b)] -> xpath: //div[@class='govuk-radios']//div//label], [[ChromeDriver: chrome on windows (4e66d9e19de5cdde2e65c9fc98eb0a2b)] -> xpath: //div[@class='govuk-radios']//div//label], [[ChromeDriver: chrome on windows (4e66d9e19de5cdde2e65c9fc98eb0a2b)] -> xpath: //div[@class='govuk-radios']//div//label]]
2023-12-19 22:12:508 INFO  SelectNationalityPage :34 - Click on continue: [[ChromeDriver: chrome on windows (4e66d9e19de5cdde2e65c9fc98eb0a2b)] -> xpath: //button[normalize-space()='Continue']]
2023-12-19 22:12:912 INFO  ResultPage :29 - Verify result text displayed: [[ChromeDriver: chrome on windows (4e66d9e19de5cdde2e65c9fc98eb0a2b)] -> xpath: //h2[@class='gem-c-heading gem-c-heading--font-size-27   govuk-!-margin-bottom-6']]
2023-12-19 22:12:912 INFO  ResultPage :24 - Get result text displayed: [[ChromeDriver: chrome on windows (4e66d9e19de5cdde2e65c9fc98eb0a2b)] -> xpath: //h2[@class='gem-c-heading gem-c-heading--font-size-27   govuk-!-margin-bottom-6']]
2023-12-19 22:12:259 INFO  StartPage :24 - Click on start now: [[ChromeDriver: chrome on windows (4397c34b2aeddd05b0cb11e05ac40c09)] -> xpath: //a[normalize-space()='Start now']]
2023-12-19 22:12:717 INFO  SelectNationalityPage :28 - Select country: [[ChromeDriver: chrome on windows (4397c34b2aeddd05b0cb11e05ac40c09)] -> id: response]
2023-12-19 22:12:983 INFO  SelectNationalityPage :34 - Click on continue: [[ChromeDriver: chrome on windows (4397c34b2aeddd05b0cb11e05ac40c09)] -> xpath: //button[normalize-space()='Continue']]
2023-12-19 22:12:341 INFO  ReasonForTravelPage :29 - Select a reason for visit: [[[ChromeDriver: chrome on windows (4397c34b2aeddd05b0cb11e05ac40c09)] -> xpath: //div[@class='govuk-radios']//div//label], [[ChromeDriver: chrome on windows (4397c34b2aeddd05b0cb11e05ac40c09)] -> xpath: //div[@class='govuk-radios']//div//label], [[ChromeDriver: chrome on windows (4397c34b2aeddd05b0cb11e05ac40c09)] -> xpath: //div[@class='govuk-radios']//div//label], [[ChromeDriver: chrome on windows (4397c34b2aeddd05b0cb11e05ac40c09)] -> xpath: //div[@class='govuk-radios']//div//label], [[ChromeDriver: chrome on windows (4397c34b2aeddd05b0cb11e05ac40c09)] -> xpath: //div[@class='govuk-radios']//div//label], [[ChromeDriver: chrome on windows (4397c34b2aeddd05b0cb11e05ac40c09)] -> xpath: //div[@class='govuk-radios']//div//label], [[ChromeDriver: chrome on windows (4397c34b2aeddd05b0cb11e05ac40c09)] -> xpath: //div[@class='govuk-radios']//div//label], [[ChromeDriver: chrome on windows (4397c34b2aeddd05b0cb11e05ac40c09)] -> xpath: //div[@class='govuk-radios']//div//label], [[ChromeDriver: chrome on windows (4397c34b2aeddd05b0cb11e05ac40c09)] -> xpath: //div[@class='govuk-radios']//div//label]]
2023-12-19 22:12:574 INFO  SelectNationalityPage :34 - Click on continue: [[ChromeDriver: chrome on windows (4397c34b2aeddd05b0cb11e05ac40c09)] -> xpath: //button[normalize-space()='Continue']]
2023-12-19 22:12:924 INFO  ResultPage :29 - Verify result text displayed: [[ChromeDriver: chrome on windows (4397c34b2aeddd05b0cb11e05ac40c09)] -> xpath: //h2[@class='gem-c-heading gem-c-heading--font-size-27   govuk-!-margin-bottom-6']]
2023-12-19 22:12:925 INFO  ResultPage :24 - Get result text displayed: [[ChromeDriver: chrome on windows (4397c34b2aeddd05b0cb11e05ac40c09)] -> xpath: //h2[@class='gem-c-heading gem-c-heading--font-size-27   govuk-!-margin-bottom-6']]
2023-12-19 22:12:977 INFO  ReasonForTravelPage :29 - Select a reason for visit: []
